// Jest Snapshot v1, https://goo.gl/fbAQLP

exports[`App renders correctly 1`] = `
ShallowWrapper {
  "length": 1,
  Symbol(enzyme.__root__): [Circular],
  Symbol(enzyme.__unrendered__): <App />,
  Symbol(enzyme.__renderer__): Object {
    "batchedUpdates": [Function],
    "getNode": [Function],
    "render": [Function],
    "simulateEvent": [Function],
    "unmount": [Function],
  },
  Symbol(enzyme.__node__): Object {
    "instance": null,
    "key": undefined,
    "nodeType": "host",
    "props": Object {
      "children": Array [
        <MyNavbar />,
        <div
          className="container"
>
          <Header />
          <Title
                    id="projects"
                    title="Projects"
          />
          <Projects />
          <Title
                    id="skills"
                    title="Skills"
          />
          <Skills />
          <Title
                    id="my-story"
                    title="My Story"
          />
          <p>
                    I'm a jazz musician turned developer with a passion for learning, collaborating, and solving problems. I specialize in creating UI's with React/React Native and relevant third-party libraries that are simple, clean, responsive, efficient, and easy to understand. It is my belief that code should be used to improv people's lives by streamlining workflow, answering questions about ourselves, and providing entertainment. The great potential of software has only been scratched it's roughly 50 years of development, and yet look at the powerful applications that have already been built. It is my dream to join up with fellow developers and contribute as much as I can to this amazing intellectual movement in human history. 
          </p>
          <MyFooter />
</div>,
      ],
      "className": "blue",
    },
    "ref": null,
    "rendered": Array [
      Object {
        "instance": null,
        "key": undefined,
        "nodeType": "function",
        "props": Object {},
        "ref": null,
        "rendered": null,
        "type": [Function],
      },
      Object {
        "instance": null,
        "key": undefined,
        "nodeType": "host",
        "props": Object {
          "children": Array [
            <Header />,
            <Title
              id="projects"
              title="Projects"
/>,
            <Projects />,
            <Title
              id="skills"
              title="Skills"
/>,
            <Skills />,
            <Title
              id="my-story"
              title="My Story"
/>,
            <p>
              I'm a jazz musician turned developer with a passion for learning, collaborating, and solving problems. I specialize in creating UI's with React/React Native and relevant third-party libraries that are simple, clean, responsive, efficient, and easy to understand. It is my belief that code should be used to improv people's lives by streamlining workflow, answering questions about ourselves, and providing entertainment. The great potential of software has only been scratched it's roughly 50 years of development, and yet look at the powerful applications that have already been built. It is my dream to join up with fellow developers and contribute as much as I can to this amazing intellectual movement in human history. 
</p>,
            <MyFooter />,
          ],
          "className": "container",
        },
        "ref": null,
        "rendered": Array [
          Object {
            "instance": null,
            "key": undefined,
            "nodeType": "function",
            "props": Object {},
            "ref": null,
            "rendered": null,
            "type": [Function],
          },
          Object {
            "instance": null,
            "key": undefined,
            "nodeType": "function",
            "props": Object {
              "id": "projects",
              "title": "Projects",
            },
            "ref": null,
            "rendered": null,
            "type": [Function],
          },
          Object {
            "instance": null,
            "key": undefined,
            "nodeType": "function",
            "props": Object {},
            "ref": null,
            "rendered": null,
            "type": [Function],
          },
          Object {
            "instance": null,
            "key": undefined,
            "nodeType": "function",
            "props": Object {
              "id": "skills",
              "title": "Skills",
            },
            "ref": null,
            "rendered": null,
            "type": [Function],
          },
          Object {
            "instance": null,
            "key": undefined,
            "nodeType": "function",
            "props": Object {},
            "ref": null,
            "rendered": null,
            "type": [Function],
          },
          Object {
            "instance": null,
            "key": undefined,
            "nodeType": "function",
            "props": Object {
              "id": "my-story",
              "title": "My Story",
            },
            "ref": null,
            "rendered": null,
            "type": [Function],
          },
          Object {
            "instance": null,
            "key": undefined,
            "nodeType": "host",
            "props": Object {
              "children": "I'm a jazz musician turned developer with a passion for learning, collaborating, and solving problems. I specialize in creating UI's with React/React Native and relevant third-party libraries that are simple, clean, responsive, efficient, and easy to understand. It is my belief that code should be used to improv people's lives by streamlining workflow, answering questions about ourselves, and providing entertainment. The great potential of software has only been scratched it's roughly 50 years of development, and yet look at the powerful applications that have already been built. It is my dream to join up with fellow developers and contribute as much as I can to this amazing intellectual movement in human history. ",
            },
            "ref": null,
            "rendered": "I'm a jazz musician turned developer with a passion for learning, collaborating, and solving problems. I specialize in creating UI's with React/React Native and relevant third-party libraries that are simple, clean, responsive, efficient, and easy to understand. It is my belief that code should be used to improv people's lives by streamlining workflow, answering questions about ourselves, and providing entertainment. The great potential of software has only been scratched it's roughly 50 years of development, and yet look at the powerful applications that have already been built. It is my dream to join up with fellow developers and contribute as much as I can to this amazing intellectual movement in human history. ",
            "type": "p",
          },
          Object {
            "instance": null,
            "key": undefined,
            "nodeType": "function",
            "props": Object {},
            "ref": null,
            "rendered": null,
            "type": [Function],
          },
        ],
        "type": "div",
      },
    ],
    "type": "div",
  },
  Symbol(enzyme.__nodes__): Array [
    Object {
      "instance": null,
      "key": undefined,
      "nodeType": "host",
      "props": Object {
        "children": Array [
          <MyNavbar />,
          <div
            className="container"
>
            <Header />
            <Title
                        id="projects"
                        title="Projects"
            />
            <Projects />
            <Title
                        id="skills"
                        title="Skills"
            />
            <Skills />
            <Title
                        id="my-story"
                        title="My Story"
            />
            <p>
                        I'm a jazz musician turned developer with a passion for learning, collaborating, and solving problems. I specialize in creating UI's with React/React Native and relevant third-party libraries that are simple, clean, responsive, efficient, and easy to understand. It is my belief that code should be used to improv people's lives by streamlining workflow, answering questions about ourselves, and providing entertainment. The great potential of software has only been scratched it's roughly 50 years of development, and yet look at the powerful applications that have already been built. It is my dream to join up with fellow developers and contribute as much as I can to this amazing intellectual movement in human history. 
            </p>
            <MyFooter />
</div>,
        ],
        "className": "blue",
      },
      "ref": null,
      "rendered": Array [
        Object {
          "instance": null,
          "key": undefined,
          "nodeType": "function",
          "props": Object {},
          "ref": null,
          "rendered": null,
          "type": [Function],
        },
        Object {
          "instance": null,
          "key": undefined,
          "nodeType": "host",
          "props": Object {
            "children": Array [
              <Header />,
              <Title
                id="projects"
                title="Projects"
/>,
              <Projects />,
              <Title
                id="skills"
                title="Skills"
/>,
              <Skills />,
              <Title
                id="my-story"
                title="My Story"
/>,
              <p>
                I'm a jazz musician turned developer with a passion for learning, collaborating, and solving problems. I specialize in creating UI's with React/React Native and relevant third-party libraries that are simple, clean, responsive, efficient, and easy to understand. It is my belief that code should be used to improv people's lives by streamlining workflow, answering questions about ourselves, and providing entertainment. The great potential of software has only been scratched it's roughly 50 years of development, and yet look at the powerful applications that have already been built. It is my dream to join up with fellow developers and contribute as much as I can to this amazing intellectual movement in human history. 
</p>,
              <MyFooter />,
            ],
            "className": "container",
          },
          "ref": null,
          "rendered": Array [
            Object {
              "instance": null,
              "key": undefined,
              "nodeType": "function",
              "props": Object {},
              "ref": null,
              "rendered": null,
              "type": [Function],
            },
            Object {
              "instance": null,
              "key": undefined,
              "nodeType": "function",
              "props": Object {
                "id": "projects",
                "title": "Projects",
              },
              "ref": null,
              "rendered": null,
              "type": [Function],
            },
            Object {
              "instance": null,
              "key": undefined,
              "nodeType": "function",
              "props": Object {},
              "ref": null,
              "rendered": null,
              "type": [Function],
            },
            Object {
              "instance": null,
              "key": undefined,
              "nodeType": "function",
              "props": Object {
                "id": "skills",
                "title": "Skills",
              },
              "ref": null,
              "rendered": null,
              "type": [Function],
            },
            Object {
              "instance": null,
              "key": undefined,
              "nodeType": "function",
              "props": Object {},
              "ref": null,
              "rendered": null,
              "type": [Function],
            },
            Object {
              "instance": null,
              "key": undefined,
              "nodeType": "function",
              "props": Object {
                "id": "my-story",
                "title": "My Story",
              },
              "ref": null,
              "rendered": null,
              "type": [Function],
            },
            Object {
              "instance": null,
              "key": undefined,
              "nodeType": "host",
              "props": Object {
                "children": "I'm a jazz musician turned developer with a passion for learning, collaborating, and solving problems. I specialize in creating UI's with React/React Native and relevant third-party libraries that are simple, clean, responsive, efficient, and easy to understand. It is my belief that code should be used to improv people's lives by streamlining workflow, answering questions about ourselves, and providing entertainment. The great potential of software has only been scratched it's roughly 50 years of development, and yet look at the powerful applications that have already been built. It is my dream to join up with fellow developers and contribute as much as I can to this amazing intellectual movement in human history. ",
              },
              "ref": null,
              "rendered": "I'm a jazz musician turned developer with a passion for learning, collaborating, and solving problems. I specialize in creating UI's with React/React Native and relevant third-party libraries that are simple, clean, responsive, efficient, and easy to understand. It is my belief that code should be used to improv people's lives by streamlining workflow, answering questions about ourselves, and providing entertainment. The great potential of software has only been scratched it's roughly 50 years of development, and yet look at the powerful applications that have already been built. It is my dream to join up with fellow developers and contribute as much as I can to this amazing intellectual movement in human history. ",
              "type": "p",
            },
            Object {
              "instance": null,
              "key": undefined,
              "nodeType": "function",
              "props": Object {},
              "ref": null,
              "rendered": null,
              "type": [Function],
            },
          ],
          "type": "div",
        },
      ],
      "type": "div",
    },
  ],
  Symbol(enzyme.__options__): Object {
    "adapter": ReactSixteenAdapter {
      "options": Object {
        "enableComponentDidUpdateOnSetState": true,
      },
    },
  },
}
`;
